\BOOKMARK [1][-]{section.1}{\376\377\133\346\232\127\166\356\166\204\202\007\134\010\150\110\211\201\154\102}{}% 1
\BOOKMARK [1][-]{section.2}{\376\377\150\070\137\303\170\154\232\324\147\266\151\313\202\007\211\217\150\074\212\055\212\010}{}% 2
\BOOKMARK [2][-]{subsection.2.1}{\376\377\137\256\147\266\151\313\173\241\175\332\146\253\133\130\126\150\133\232\177\251}{section.2}% 3
\BOOKMARK [2][-]{subsection.2.2}{\376\377\214\307\145\231\122\115\231\113\125\256\121\103\000\040\000\050\000F\000o\000r\000w\000a\000r\000d\000i\000n\000g\000\040\000U\000n\000i\000t\000\051\000\040\212\055\212\010\220\217\217\057}{section.2}% 4
\BOOKMARK [2][-]{subsection.2.3}{\376\377\131\032\146\102\136\217\226\144\154\325\162\300\141\113\152\137\202\007\173\241\175\332\000\040\000S\000t\000a\000l\000l\000\040\152\137\122\066}{section.2}% 5
\BOOKMARK [3][-]{subsubsection.2.3.1}{\376\377\173\241\175\332\146\253\120\134\000\040\000\050\000S\000t\000a\000l\000l\000\051\000\040\202\007\154\043\154\341\143\322\121\145\000\040\000\050\000B\000u\000b\000b\000l\000e\000\051\000\040\143\247\122\066\377\032}{subsection.2.3}% 6
\BOOKMARK [3][-]{subsubsection.2.3.2}{\376\377\226\144\116\345\226\366\226\062\223\057\000\040\000B\000y\000p\000a\000s\000s\377\032}{subsection.2.3}% 7
\BOOKMARK [1][-]{section.3}{\376\377\170\154\232\324\220\061\220\212\221\115\177\156\202\007\201\163\117\115\134\015\161\147\210\150}{}% 8
\BOOKMARK [2][-]{subsection.3.1}{\376\377\143\007\144\245\225\213\225\334\377\010\217\070\121\145\377\011\202\007\143\011\222\025\146\102\201\010}{section.3}% 9
\BOOKMARK [2][-]{subsection.3.2}{\376\377\116\003\153\265\230\157\171\072\126\150\202\007\000\040\000L\000E\000D\000\040\161\310\377\010\217\070\121\372\377\011}{section.3}% 10
\BOOKMARK [1][-]{section.4}{\376\377\000V\000H\000D\000L\000\040\123\237\131\313\170\274\147\266\151\313\122\006\147\220}{}% 11
\BOOKMARK [2][-]{subsection.4.1}{\376\377\214\307\145\231\215\357\137\221\122\115\231\113\220\217\217\057\000\040\000\050\000V\000H\000D\000L\175\104\124\010\220\217\217\057\172\013\137\017\162\107\153\265\000\051}{section.4}% 12
\BOOKMARK [2][-]{subsection.4.2}{\376\377\124\014\153\145\173\241\175\332\146\253\120\134\202\007\154\043\154\341\143\322\121\145\000\040\000\050\000V\000H\000D\000L\146\102\136\217\220\217\217\057\172\013\137\017\162\107\153\265\000\051}{section.4}% 13
\BOOKMARK [1][-]{section.5}{\376\377\156\054\212\146\214\307\145\231\202\007\147\177\217\011\170\154\232\324\232\127\213\111}{}% 14
\BOOKMARK [2][-]{subsection.5.1}{\376\377\156\054\214\307\000\040\0001\377\032\127\372\147\054\146\253\133\130\126\150\217\011\121\145\202\007\173\227\210\123\220\113\173\227\377\010\161\041\000\040\000H\000a\000z\000a\000r\000d\377\011}{section.5}% 15
\BOOKMARK [2][-]{subsection.5.2}{\376\377\156\054\214\307\000\040\0002\377\032\000E\000X\000E\000\040\226\216\153\265\214\307\145\231\210\135\172\201\202\007\122\115\231\113\000\040\000\050\000E\000X\000E\000\040\000F\000o\000r\000w\000a\000r\000d\000i\000n\000g\000\051}{section.5}% 16
\BOOKMARK [2][-]{subsection.5.3}{\376\377\124\014\146\102\000\040\000E\000X\000E\000\040\202\007\000\040\000W\000B\000\040\226\216\153\265\214\307\145\231\210\135\172\201\202\007\122\115\231\113}{section.5}% 17
\BOOKMARK [2][-]{subsection.5.4}{\376\377\156\054\214\307\000\040\0004\377\032\131\032\146\102\136\217\226\144\154\325\173\241\175\332\146\253\120\134\000\040\000\050\000D\000I\000V\000\040\000S\000t\000a\000l\000l\000\051}{section.5}% 18
\BOOKMARK [2][-]{subsection.5.5}{\376\377\156\054\214\307\000\040\0005\377\032\226\144\116\345\226\366\226\062\223\057\202\007\000\040\000B\000y\000p\000a\000s\000s}{section.5}% 19
\BOOKMARK [2][-]{subsection.5.6}{\376\377\147\177\217\011\170\154\232\324\161\147\162\107\202\007\137\161\162\107\117\120\213\111\212\252\146\016}{section.5}% 20
\BOOKMARK [1][-]{section.6}{\376\377\133\346\232\127\137\303\137\227\202\007\155\361\136\246\140\035\200\003}{}% 21
\BOOKMARK [2][-]{subsection.6.1}{\376\377\151\112\142\177\212\355\166\204\137\303\137\227\202\007\140\035\200\003\000\040\000\050\137\256\147\266\151\313\133\346\117\134\175\104\000\051}{section.6}% 22
\BOOKMARK [2][-]{subsection.6.2}{\376\377\236\303\151\167\172\013\166\204\137\303\137\227\202\007\140\035\200\003\000\040\000\050\232\127\213\111\156\054\212\146\202\007\130\061\124\112\175\104\000\051}{section.6}% 23
\BOOKMARK [1][-]{section.7}{\376\377\134\017\175\104\135\345\117\134\122\006\221\115\202\007\214\242\163\173\136\246}{}% 24
